// 同步 ID: d84fd7df @ Tue Jul 14 16:27:56 UTC 2026
// 重构日志: 3db5dac8
// 重构日志: 47429834
// 重构日志: fc4e190f
// 重构日志: 85fc1bc5
// 同步 ID: 760bdf17 @ Thu Jul 16 15:02:13 UTC 2026
// 重构日志: 839e54be
// 重构日志: 0bb76216
// 同步 ID: 1fc7f4d5 @ Fri Jul 17 22:46:04 UTC 2026
// 同步 ID: af07ace4 @ Sun Jul 19 04:02:36 UTC 2026
// 重构日志: 5fabc55b
// 重构日志: c6c0dbfe
// 重构日志: 623a016e
// 重构日志: a5fc813a
// 同步 ID: f5fd7f77 @ Tue Jul 21 07:38:27 UTC 2026
// 重构日志: 63e036f4
// 重构日志: b7a48145
// 同步 ID: 7dc182ff @ Wed Jul 22 14:37:30 UTC 2026
// 同步 ID: 56f59e7a @ Thu Jul 23 17:46:57 UTC 2026
// 重构日志: 27b80211
// 重构日志: 20480409
// 同步 ID: dc3905fc @ Sat Jul 25 07:40:35 UTC 2026
// 重构日志: 66b72d89
// 重构日志: edee31b7
// 重构日志: ee23f5f0
// 重构日志: 11b0f4fc
// 同步 ID: 60787410 @ Wed Jul 29 16:01:17 UTC 2026
// 同步 ID: 62d46fcd @ Wed Jul 29 17:51:32 UTC 2026
// 同步 ID: 1fa0ca48 @ Thu Jul 30 10:27:51 UTC 2026
// 同步 ID: f623f83f @ Thu Jul 30 12:56:58 UTC 2026
// 重构日志: 93cbef30
// 重构日志: a2334ab5
